2026-09-22T00:03:40.9028089Z Current runner version: '2.337.0'
2026-09-22T00:03:40.9054008Z ##[group]Runner Image Provisioner
2026-09-22T00:03:40.9055113Z Hosted Compute Agent
2026-09-22T00:03:40.9055748Z Version: 20260828.587
2026-09-22T00:03:40.9056496Z Commit: abac92662cab4cc7352de4f9f9d2e2419aad9c29
2026-09-22T00:03:40.9057243Z Build Date: 2026-08-28T16:44:25Z
2026-09-22T00:03:40.9057970Z Worker ID: {fb5e03d7-7565-463a-ab62-0ecc54bd8137}
2026-09-22T00:03:40.9058755Z Azure Region: eastus
2026-09-22T00:03:40.9059352Z ##[endgroup]
2026-09-22T00:03:40.9060991Z ##[group]Operating System
2026-09-22T00:03:40.9061651Z Ubuntu
2026-09-22T00:03:40.9062260Z 24.04.5
2026-09-22T00:03:40.9062778Z LTS
2026-09-22T00:03:40.9063471Z ##[endgroup]
2026-09-22T00:03:40.9064056Z ##[group]Runner Image
2026-09-22T00:03:40.9065209Z Image: ubuntu-24.04
2026-09-22T00:03:40.9066068Z Version: 20260907.300.1
2026-09-22T00:03:40.9067409Z Included Software: https://github.com/actions/runner-images/blob/ubuntu24/20260907.300/images/ubuntu/Ubuntu2404-Readme.md
2026-09-22T00:03:40.9069031Z Image Release: https://github.com/actions/runner-images/releases/tag/ubuntu24%2F20260907.300
2026-09-22T00:03:40.9070439Z ##[endgroup]
2026-09-22T00:03:40.9071720Z ##[group]GITHUB_TOKEN Permissions
2026-09-22T00:03:40.9073989Z Contents: read
2026-09-22T00:03:40.9075018Z Metadata: read
2026-09-22T00:03:40.9075599Z Packages: read
2026-09-22T00:03:40.9076289Z ##[endgroup]
2026-09-22T00:03:40.9078558Z Secret source: Actions
2026-09-22T00:03:40.9079528Z Cache mode: write
2026-09-22T00:03:40.9080488Z Prepare workflow directory
2026-09-22T00:03:40.9481614Z Prepare all required actions
2026-09-22T00:03:40.9530143Z Getting action download info
2026-09-22T00:03:41.1641396Z Download action repository 'actions/checkout@v4' (SHA:11d5960a326750d5838078e36cf38b85af677262)
2026-09-22T00:03:41.2697878Z Download action repository 'actions/setup-node@v4' (SHA:49933ea5288caeca8642d1e84afbd3f7d6820020)
2026-09-22T00:03:41.3601608Z Download action repository 'SonarSource/sonarqube-scan-action@v4' (SHA:689fb39b34b9aa95ebc5f8f119343ddd51542402)
2026-09-22T00:03:41.5767343Z Getting action download info
2026-09-22T00:03:41.6481134Z Download action repository 'actions/cache@v4' (SHA:0057852bfaa89a56745cba8c7296529d2fc39830)
2026-09-22T00:03:41.7626568Z Complete job name: Tests y SonarCloud
2026-09-22T00:03:41.8404589Z Node 20 is being deprecated. This workflow is running with Node 24 by default. If you need to temporarily use Node 20, you can set the ACTIONS_ALLOW_USE_UNSECURE_NODE_VERSION=true environment variable. For more information see: https://github.blog/changelog/2025-09-19-deprecation-of-node-20-on-github-actions-runners/
2026-09-22T00:03:41.8413643Z ##[group]Run actions/checkout@v4
2026-09-22T00:03:41.8414694Z with:
2026-09-22T00:03:41.8415280Z   fetch-depth: 0
2026-09-22T00:03:41.8416063Z   repository: AngelPenaGarcia05/ta1_herramientas_tic_pipeline
2026-09-22T00:03:41.8420293Z   token: ***
2026-09-22T00:03:41.8420735Z   ssh-strict: true
2026-09-22T00:03:41.8421173Z   ssh-user: git
2026-09-22T00:03:41.8421654Z   persist-credentials: true
2026-09-22T00:03:41.8422137Z   clean: true
2026-09-22T00:03:41.8422588Z   sparse-checkout-cone-mode: true
2026-09-22T00:03:41.8423108Z   fetch-tags: false
2026-09-22T00:03:41.8423560Z   show-progress: true
2026-09-22T00:03:41.8424005Z   lfs: false
2026-09-22T00:03:41.8424625Z   submodules: false
2026-09-22T00:03:41.8425095Z   set-safe-directory: true
2026-09-22T00:03:41.8425607Z   allow-unsafe-pr-checkout: false
2026-09-22T00:03:41.8426429Z env:
2026-09-22T00:03:41.8426886Z   IMAGE_NAME: novamarket
2026-09-22T00:03:41.8427350Z ##[endgroup]
2026-09-22T00:03:41.9607845Z Syncing repository: AngelPenaGarcia05/ta1_herramientas_tic_pipeline
2026-09-22T00:03:42.4732994Z From https://github.com/AngelPenaGarcia05/ta1_herramientas_tic_pipeline
2026-09-22T00:03:42.4735256Z  * [new branch]      main          -> origin/main
2026-09-22T00:03:42.4736657Z  * [new branch]      prueba-eslint -> origin/prueba-eslint
2026-09-22T00:03:42.4787228Z [command]/usr/bin/git branch --list --remote origin/prueba-eslint
2026-09-22T00:03:42.4807242Z   origin/prueba-eslint
2026-09-22T00:03:42.4817281Z [command]/usr/bin/git rev-parse refs/remotes/origin/prueba-eslint
2026-09-22T00:03:42.4846528Z c386fefd4dc3c120dd2b8332a1c9050a58e680c3
2026-09-22T00:03:42.4976291Z [command]/usr/bin/git checkout --progress --force -B prueba-eslint refs/remotes/origin/prueba-eslint
2026-09-22T00:03:42.5129558Z Switched to a new branch 'prueba-eslint'
2026-09-22T00:03:42.5135307Z branch 'prueba-eslint' set up to track 'origin/prueba-eslint'.
2026-09-22T00:03:42.5191201Z [command]/usr/bin/git log -1 --format=%H
2026-09-22T00:03:42.5221315Z c386fefd4dc3c120dd2b8332a1c9050a58e680c3
2026-09-22T00:03:42.5459533Z ##[group]Run if [ -n "$SONAR_TOKEN" ]; then
2026-09-22T00:03:42.5801199Z Node 20 is being deprecated. This workflow is running with Node 24 by default.
2026-09-22T00:03:42.5806390Z ##[group]Run actions/setup-node@v4
2026-09-22T00:03:42.5807137Z with:
2026-09-22T00:03:42.5807610Z   node-version: 20
2026-09-22T00:03:42.5808141Z   cache: npm
2026-09-22T00:03:46.6098535Z node: v20.20.2
2026-09-22T00:03:46.6099007Z npm: 10.8.2
2026-09-22T00:03:46.8060006Z ##[group]Run npm ci
2026-09-22T00:03:46.8060293Z [36;1mnpm ci[0m
2026-09-22T00:03:50.5807871Z npm warn deprecated prom-client@15.1.3: prom-client has been replaced by @prometheus-io/client
2026-09-22T00:03:52.3640611Z npm warn deprecated glob@10.5.0: Old versions of glob are not supported, and contain widely publicized security vulnerabilities, which have been fixed in the current version. Please update. Support for old versions may be purchased (at exorbitant rates) by contacting i@izs.me
2026-09-22T00:03:54.7482974Z npm warn deprecated eslint@9.39.5: This version is no longer supported. Please see https://eslint.org/version-support for other options.
2026-09-22T00:04:06.7706552Z
2026-09-22T00:04:06.7707315Z > novamarket@1.0.0 postinstall
2026-09-22T00:04:06.7707911Z > prisma generate
2026-09-22T00:04:07.6667261Z Prisma schema loaded from prisma/schema.prisma
2026-09-22T00:04:07.9450705Z ✔ Generated Prisma Client (v6.19.3) to ./node_modules/@prisma/client in 105ms
2026-09-22T00:04:07.9738887Z added 526 packages, and audited 527 packages in 21s
2026-09-22T00:04:08.1498634Z ##[group]Run npm run lint
2026-09-22T00:04:08.1498938Z [36;1mnpm run lint[0m
2026-09-22T00:04:08.1535431Z shell: /usr/bin/bash -e {0}
2026-09-22T00:04:08.1535687Z env:
2026-09-22T00:04:08.1535892Z   IMAGE_NAME: novamarket
2026-09-22T00:04:08.1536116Z ##[endgroup]
2026-09-22T00:04:08.2726311Z
2026-09-22T00:04:08.2726637Z > novamarket@1.0.0 lint
2026-09-22T00:04:08.2726941Z > next lint
2026-09-22T00:04:08.4384836Z `next lint` is deprecated and will be removed in Next.js 16.
2026-09-22T00:04:08.4385933Z For new projects, use create-next-app to choose your preferred linter.
2026-09-22T00:04:08.4386846Z For existing projects, migrate to the ESLint CLI:
2026-09-22T00:04:08.4387624Z npx @next/codemod@canary next-lint-to-eslint-cli .
2026-09-22T00:04:10.9452356Z Attention: Next.js now collects completely anonymous telemetry regarding usage.
2026-09-22T00:04:11.1225140Z
2026-09-22T00:04:11.1225990Z ./src/app/page.tsx
2026-09-22T00:04:11.1226685Z 88:21  Error: Parsing error: Expression expected.
2026-09-22T00:04:11.1228326Z info  - Need to disable some ESLint rules? Learn more here: https://nextjs.org/docs/app/api-reference/config/eslint#disabling-rules
2026-09-22T00:04:11.2268343Z ##[error]Process completed with exit code 1.
2026-09-22T00:04:11.2455963Z Node 20 is being deprecated. This workflow is running with Node 24 by default. If you need to temporarily use Node 20, you can set the ACTIONS_ALLOW_USE_UNSECURE_NODE_VERSION=true environment variable. For more information see: https://github.blog/changelog/2025-09-19-deprecation-of-node-20-on-github-actions-runners/
2026-09-22T00:04:11.2457288Z Post job cleanup.
2026-09-22T00:04:11.4688694Z Cleaning up orphan processes
